Usage:

Example of 'foo_bar' module in `foo_bar.tf`.

```hcl
module "foo_bar" {
  source = "github.com/foo/bar"

  id   = "1234567890"
  name = "baz"

  zones = ["us-east-1", "us-west-1"]

  tags = {
    Name         = "baz"
    Created-By   = "first.last@email.com"
    Date-Created = "20180101"
  }
}
```

## Providers

| Name | Version |
|------|---------|
| aws | >= 2.15.0 |
| aws.ident | >= 2.15.0 |
| null | n/a |
| tls | n/a |

## Inputs

| Name | Description | Type | Default |
|------|-------------|------|---------|
| input_with_underscores | A variable with underscores. | `any` | n/a |
| list-2 | It's list number two. | `list` | n/a |
| map-2 | It's map number two. | `map` | n/a |
| string-2 | It's string number two. | `string` | n/a |
| unquoted | n/a | `any` | n/a |
| input-with-code-block | This is a complicated one. We need a newline.<br>And an example in a code block<code><pre>default     = [<br>  "machine rack01:neptune"<br>]<br></pre></code> | `list` | <code><pre>[<br>  "name rack:location"<br>]<br></pre></code> |
| input-with-pipe | It includes v1 \| v2 \| v3 | `string` | `"v1"` |
| list-1 | It's list number one. | `list` | <code><pre>[<br>  "a",<br>  "b",<br>  "c"<br>]<br></pre></code> |
| list-3 | n/a | `list` | `[]` |
| long_type | This description is itself markdown.<br><br>It spans over multiple lines. | <code><pre>object({<br>    name = string,<br>    foo  = object({ foo = string, bar = string }),<br>    bar  = object({ foo = string, bar = string }),<br>    fizz = list(string),<br>    buzz = list(string)<br>  })<br></pre></code> | <code><pre>{<br>  "bar": {<br>    "bar": "bar",<br>    "foo": "bar"<br>  },<br>  "buzz": [<br>    "fizz",<br>    "buzz"<br>  ],<br>  "fizz": [],<br>  "foo": {<br>    "bar": "foo",<br>    "foo": "foo"<br>  },<br>  "name": "hello"<br>}<br></pre></code> |
| map-1 | It's map number one. | `map` | <code><pre>{<br>  "a": 1,<br>  "b": 2,<br>  "c": 3<br>}<br></pre></code> |
| map-3 | n/a | `map` | `{}` |
| no-escape-default-value | The description contains `something_with_underscore`. Defaults to 'VALUE_WITH_UNDERSCORE'. | `string` | `"VALUE_WITH_UNDERSCORE"` |
| string-1 | It's string number one. | `string` | `"bar"` |
| string-3 | n/a | `string` | `""` |

## Outputs

| Name | Description |
|------|-------------|
| output-0.12 | terraform 0.12 only |
| output-1 | It's output number one. |
| output-2 | It's output number two. |
| unquoted | It's unquoted output. |
