#### Providers

| Name | Version |
|------|---------|
| tls | n/a |
| aws | >= 2.15.0 |
| aws.ident | >= 2.15.0 |
| null | n/a |

#### Inputs

| Name | Description | Type | Default |
|------|-------------|------|---------|
| unquoted | n/a | `any` | n/a |
| string-3 | n/a | `string` | `""` |
| string-2 | It's string number two. | `string` | n/a |
| string-1 | It's string number one. | `string` | `"bar"` |
| map-3 | n/a | `map` | `{}` |
| map-2 | It's map number two. | `map` | n/a |
| map-1 | It's map number one. | `map` | <code><pre>{<br>  "a": 1,<br>  "b": 2,<br>  "c": 3<br>}<br></pre></code> |
| list-3 | n/a | `list` | `[]` |
| list-2 | It's list number two. | `list` | n/a |
| list-1 | It's list number one. | `list` | <code><pre>[<br>  "a",<br>  "b",<br>  "c"<br>]<br></pre></code> |
| input_with_underscores | A variable with underscores. | `any` | n/a |
| input-with-pipe | It includes v1 \| v2 \| v3 | `string` | `"v1"` |
| input-with-code-block | This is a complicated one. We need a newline.<br>And an example in a code block<code><pre>default     = [<br>  "machine rack01:neptune"<br>]<br></pre></code> | `list` | <code><pre>[<br>  "name rack:location"<br>]<br></pre></code> |
| long_type | This description is itself markdown.<br><br>It spans over multiple lines. | <code><pre>object({<br>    name = string,<br>    foo  = object({ foo = string, bar = string }),<br>    bar  = object({ foo = string, bar = string }),<br>    fizz = list(string),<br>    buzz = list(string)<br>  })<br></pre></code> | <code><pre>{<br>  "bar": {<br>    "bar": "bar",<br>    "foo": "bar"<br>  },<br>  "buzz": [<br>    "fizz",<br>    "buzz"<br>  ],<br>  "fizz": [],<br>  "foo": {<br>    "bar": "foo",<br>    "foo": "foo"<br>  },<br>  "name": "hello"<br>}<br></pre></code> |

#### Outputs

| Name | Description |
|------|-------------|
| unquoted | It's unquoted output. |
| output-2 | It's output number two. |
| output-1 | It's output number one. |
| output-0.12 | terraform 0.12 only |
