## Requirements

The following requirements are needed by this module:

- terraform (>= 0.12)

- aws (>= 2.15.0)
