Usage:

module "foo" {
  source = "github.com/foo/bar"

  id   = "1234567890"
  name = "baz"

  zones = ["us-east-1", "us-west-1"]

  tags = {
    Name         = "baz"
    Created-By   = "first.last@email.com"
    Date-Created = "20180101"
  }
}

## Inputs

| Name | Description | Type | Default |
|------|-------------|:----:|:-----:|
| string-2 | It's string number two. | string | - |
| string-1 | It's string number one. | string | `bar` |
| map-3 | - | map | `<map>` |
| map-2 | It's map number two. | map | - |
| map-1 | It's map number one. | map | `<map>` |
| list-3 | - | list | `<list>` |
| list-2 | It's list number two. | list | - |
| list-1 | It's list number one. | list | `<list>` |

## Outputs

| Name | Description |
|------|-------------|
| output-2 | It's output number two. |
| output-1 | It's output number one. |
