## Requirements

| Name | Version |
|------|---------|
| terraform | >= 0.12 |
| aws | >= 2.15.0 |
| random | >= 2.2.0 |