## Variables

The following variables are supported:

### input-with-code-block

Description: This is a complicated one. We need a newline.  
And an example in a code block
```
default     = [
  "machine rack01:neptune"
]
```

Type: `list`

Default:

```json
[
  "name rack:location"
]
```

### input-with-pipe

Description: It includes v1 \| v2 \| v3

Type: `string`

Default: `"v1"`

### input\_with\_underscores

Description: n/a

Type: `any`

Default: n/a

### list-1

Description: n/a

Type: `list`

Default:

```json
[
  "a",
  "b",
  "c"
]
```

### list-2

Description: It's list number two.

Type: `list`

Default: n/a

### list-3

Description: n/a

Type: `list`

Default: `[]`

### long\_type

Description: This description is itself markdown.

It spans over multiple lines.

Type:

```hcl
object({
    name = string,
    foo  = object({ foo = string, bar = string }),
    bar  = object({ foo = string, bar = string }),
    fizz = list(string),
    buzz = list(string)
  })
```

Default:

```json
{
  "bar": {
    "bar": "bar",
    "foo": "bar"
  },
  "buzz": [
    "fizz",
    "buzz"
  ],
  "fizz": [],
  "foo": {
    "bar": "foo",
    "foo": "foo"
  },
  "name": "hello"
}
```

### map-1

Description: n/a

Type: `map`

Default:

```json
{
  "a": 1,
  "b": 2,
  "c": 3
}
```

### map-2

Description: It's map number two.

Type: `map`

Default: n/a

### map-3

Description: n/a

Type: `map`

Default: `{}`

### string-1

Description: n/a

Type: `string`

Default: `"bar"`

### string-2

Description: It's string number two.

Type: `string`

Default: n/a

### string-3

Description: n/a

Type: `string`

Default: `""`

### unquoted

Description: n/a

Type: `any`

Default: n/a

## Outputs

The following outputs are exported:

### output-0.12

Description: terraform 0.12 only

### output-1

Description: n/a

### output-2

Description: It's output number two.

### unquoted

Description: It's unquoted output.
