{
  "header": "Usage:\n\nExample of 'foo_bar' module in `foo_bar.tf`.\n\n- list item 1\n- list item 2\n\nEven inline **formatting** in _here_ is possible.\nand some [link](https://domain.com/)\n\n* list item 3\n* list item 4\n\n```hcl\nmodule \"foo_bar\" {\n  source = \"github.com/foo/bar\"\n\n  id   = \"1234567890\"\n  name = \"baz\"\n\n  zones = [\"us-east-1\", \"us-west-1\"]\n\n  tags = {\n    Name         = \"baz\"\n    Created-By   = \"first.last@email.com\"\n    Date-Created = \"20180101\"\n  }\n}\n```\n\nHere is some trailing text after code block,\nfollowed by another line of text.\n\n| Name | Description     |\n|------|-----------------|\n| Foo  | Foo description |\n| Bar  | Bar description |",
  "inputs": [
    {
      "name": "input_with_underscores",
      "type": "any",
      "description": "A variable with underscores.",
      "default": null
    },
    {
      "name": "list-2",
      "type": "list",
      "description": "It's list number two.",
      "default": null
    },
    {
      "name": "map-2",
      "type": "map",
      "description": "It's map number two.",
      "default": null
    },
    {
      "name": "string-2",
      "type": "string",
      "description": "It's string number two.",
      "default": null
    },
    {
      "name": "unquoted",
      "type": "any",
      "description": null,
      "default": null
    },
    {
      "name": "input-with-code-block",
      "type": "list",
      "description": "This is a complicated one. We need a newline.  \nAnd an example in a code block\n```\ndefault     = [\n  \"machine rack01:neptune\"\n]\n```\n",
      "default": [
        "name rack:location"
      ]
    },
    {
      "name": "input-with-pipe",
      "type": "string",
      "description": "It includes v1 | v2 | v3",
      "default": "v1"
    },
    {
      "name": "list-1",
      "type": "list",
      "description": "It's list number one.",
      "default": [
        "a",
        "b",
        "c"
      ]
    },
    {
      "name": "list-3",
      "type": "list",
      "description": null,
      "default": []
    },
    {
      "name": "long_type",
      "type": "object({\n    name = string,\n    foo  = object({ foo = string, bar = string }),\n    bar  = object({ foo = string, bar = string }),\n    fizz = list(string),\n    buzz = list(string)\n  })",
      "description": "This description is itself markdown.\n\nIt spans over multiple lines.\n",
      "default": {
        "bar": {
          "bar": "bar",
          "foo": "bar"
        },
        "buzz": [
          "fizz",
          "buzz"
        ],
        "fizz": [],
        "foo": {
          "bar": "foo",
          "foo": "foo"
        },
        "name": "hello"
      }
    },
    {
      "name": "map-1",
      "type": "map",
      "description": "It's map number one.",
      "default": {
        "a": 1,
        "b": 2,
        "c": 3
      }
    },
    {
      "name": "map-3",
      "type": "map",
      "description": null,
      "default": {}
    },
    {
      "name": "no-escape-default-value",
      "type": "string",
      "description": "The description contains `something_with_underscore`. Defaults to 'VALUE_WITH_UNDERSCORE'.",
      "default": "VALUE_WITH_UNDERSCORE"
    },
    {
      "name": "string-1",
      "type": "string",
      "description": "It's string number one.",
      "default": "bar"
    },
    {
      "name": "string-3",
      "type": "string",
      "description": null,
      "default": ""
    },
    {
      "name": "with-url",
      "type": "string",
      "description": "The description contains url. https://www.domain.com/foo/bar_baz.html",
      "default": ""
    }
  ],
  "outputs": [
    {
      "name": "output-0.12",
      "description": "terraform 0.12 only"
    },
    {
      "name": "output-1",
      "description": "It's output number one."
    },
    {
      "name": "output-2",
      "description": "It's output number two."
    },
    {
      "name": "unquoted",
      "description": "It's unquoted output."
    }
  ],
  "providers": [
    {
      "name": "aws",
      "alias": null,
      "version": ">= 2.15.0"
    },
    {
      "name": "aws",
      "alias": "ident",
      "version": ">= 2.15.0"
    },
    {
      "name": "null",
      "alias": null,
      "version": null
    },
    {
      "name": "tls",
      "alias": null,
      "version": null
    }
  ]
}