header = ""
inputs = []
outputs = []
providers = []

[[requirements]]
  Name = "terraform"
  Version = ">= 0.12"

[[requirements]]
  Name = "aws"
  Version = ">= 2.15.0"

[[requirements]]
  Name = "random"
  Version = ">= 2.2.0"