header: ""
inputs: []
outputs: []
providers: []
requirements:
- name: terraform
  version: '>= 0.12'
- name: aws
  version: '>= 2.15.0'
- name: random
  version: '>= 2.2.0'