[36mprovider.tls[0m
[36mprovider.aws[0m (>= 2.15.0)
[36mprovider.aws.ident[0m (>= 2.15.0)
[36mprovider.null[0m