This is is a multline test which works

Key
  Foo1: blah
  Foo2: blah

Key2
Foo1: bar1
Foo2: bar2